// Jest Snapshot v1, https://goo.gl/fbAQLP

exports[`NavBar snapshot should render heading correctly 1`] = `null`;
